Directives - initial values.
----------------------------

	ALU              = false
	FIFO             = false
	OS               = mac os x
	QUEUEREG         = false
	arch             = x86_64
	compileOnly      = false
	compilerMakeDate = 2022-11-25 11:59:13 +1100
	continuous       = false
	currentDirectory = /Users/dun202/src/mine/3PL_distr/3pl/test/11.6.0/papilio/commi
	date             = 2023-01-13 15:27:50 +1100
	designName       = prog
	filePath         = false
	forceExec        = true
	gatesNotLuts     = false
	intTruncWarning  = false
	intermediateOnly = false
	listNets         = true
	listTDEs         = true
	listTDEsSel      = 0
	locations        = false
	netFile          = /Users/dun202/src/mine/3PL_distr/3pl/test/11.6.0/papilio/commi/prog.net
	netlistDisplay   = false
	netlistFile      = /Users/dun202/src/mine/3PL_distr/3pl/test/11.6.0/papilio/commi/prog.edn
	optimiseConnect  = true
	outputDirectory  = /Users/dun202/src/mine/3PL_distr/3pl/test/11.6.0/papilio/commi/
	parentDirectory  = /Users/dun202/src/mine/3PL_distr/3pl/test/11.6.0/papilio/commi/
	postProcessTool  = ise
	reportFile       = /Users/dun202/src/mine/3PL_distr/3pl/test/11.6.0/papilio/commi/prog.rpt
	rptToFile        = true
	sigList          = false
	skipPostProc     = true
	sourceFile       = prog.3pl
	unassOut         = fatal
	version          = 11.7.0M (devel svn 10083:10182M, dun202)


Memory requested 746061824 bytes
3PL version 11.7.0M (devel svn 10083:10182M, dun202).
Source file /Users/dun202/src/mine/3PL_distr/3pl/test/11.6.0/papilio/commi/prog.3pl
command line options - rntfs
2023-01-13 15:27:50 +1100

Parsing source.
---------------


    source files
    ------------

       prog.3pl
        FMOD1    /Users/dun202/src/mine/3pl/sources/include/boards/gadget_factory   papilio_one_500.3pl
            FMOD2    /Users/dun202/src/mine/3pl/sources/include/xilinx   xc3s.3pl
                SRC      /Users/dun202/src/mine/3pl/sources/include/xilinx   common.3pl
                FMOD3    /Users/dun202/src/mine/3pl/sources/include/xilinx   postprocess.3pl
                FMOD4    /Users/dun202/src/mine/3pl/sources/include   stdlib.3pl
                FMOD5    /Users/dun202/src/mine/3pl/sources/include/xilinx   clocks.3pl
                FMOD6    /Users/dun202/src/mine/3pl/sources/include/xilinx   io.3pl
            FMOD7    /Users/dun202/src/mine/3pl/sources/include/xilinx   uart_cpu.3pl
                FMOD8    /Users/dun202/src/mine/3pl/sources/include   jsontype.3pl
                FMOD9    /Users/dun202/src/mine/3pl/sources/include   uarts.3pl
                SRC      /Users/dun202/src/mine/3pl/sources/include/xilinx   cpu.3pl


Immediate execution.
--------------------


Executing leader modules.
-------------------------

	module "attributes" order 100
	-----------------------------




Executing main module.
----------------------




Executing trailer modules.
--------------------------

	class CPU_API order 1
	---------------------

	uart_cpu.3pl:719:21:  - WARNING
	'par' block at uart_cpu.3pl:719:21:  has mixture of statements with and without queue accesses

	uart_cpu.3pl:719:21:  - WARNING
	'par' block at uart_cpu.3pl:719:21:  has mixture of statements with and without queue accesses

	uart_cpu.3pl:719:21:  - WARNING
	'par' block at uart_cpu.3pl:719:21:  has mixture of statements with and without queue accesses

	uart_cpu.3pl:719:21:  - WARNING
	'par' block at uart_cpu.3pl:719:21:  has mixture of statements with and without queue accesses

	uart_cpu.3pl:719:21:  - WARNING
	'par' block at uart_cpu.3pl:719:21:  has mixture of statements with and without queue accesses

	uart_cpu.3pl:658:9:  - WARNING
	'par' block at uart_cpu.3pl:658:9:  has mixture of statements with and without queue accesses

	uart_cpu.3pl:719:21:  - WARNING
	'par' block at uart_cpu.3pl:719:21:  has mixture of statements with and without queue accesses

	uart_cpu.3pl:659:24:  - WARNING
	'par' block at uart_cpu.3pl:659:24:  has mixture of statements with and without queue accesses

	uart_cpu.3pl:658:9:  - WARNING
	'par' block at uart_cpu.3pl:658:9:  has mixture of statements with and without queue accesses

	uart_cpu.3pl:719:21:  - WARNING
	'par' block at uart_cpu.3pl:719:21:  has mixture of statements with and without queue accesses

	stdlib.3pl:1716:9:  - WARNING
	'par' block at stdlib.3pl:1716:9:  has mixture of statements with and without queue accesses

	stdlib.3pl:1720:9:  - WARNING
	'par' block at stdlib.3pl:1720:9:  has mixture of statements with and without queue accesses

	stdlib.3pl:1716:9:  - WARNING
	'par' block at stdlib.3pl:1716:9:  has mixture of statements with and without queue accesses

	stdlib.3pl:1720:9:  - WARNING
	'par' block at stdlib.3pl:1720:9:  has mixture of statements with and without queue accesses

	stdlib.3pl:1716:9:  - WARNING
	'par' block at stdlib.3pl:1716:9:  has mixture of statements with and without queue accesses

	stdlib.3pl:1720:9:  - WARNING
	'par' block at stdlib.3pl:1720:9:  has mixture of statements with and without queue accesses


	CPU interfaces
	--------------

	infoword_read_value                    uint:32
	inforeset_write_static                 
	W_write_static                         uint:16
	R_read_value                           uint:16
	WW_write_static                        int:35
	RR_read_value                          int:35
	WWW_write_static                       uint:6
	RRR_read_value                         uint:6
	WQ_write_queue                         int:14
	WQ_avail_read()
	WQ_avail_thresh_write()
	RQ_read_queue                          int:14
	RQ_avail_read()
	RQ_avail_thresh_write()
	RQO_read_queue                         int:14
	MW_write_memory                        uint:16
	MR_read_memory                         uint:16

	CPU interrupts
	--------------

	EVQ_WAIT
	EVR_WAIT
	RQ_WAIT
	WQ_WAIT



	module "constraints" order 100
	------------------------------




Creating target-mode variable logic.
------------------------------------

	static variable 'prog.FMOD1/papilio_one_500.FMOD7/uart_cpu.write_0.if_151.write_static_0.out' unused - deleted
	static variable 'prog.FMOD1/papilio_one_500.FMOD7/uart_cpu.dmar' unused - deleted
	static variable 'prog.FMOD1/papilio_one_500.FMOD7/uart_cpu.dmaw' unused - deleted
	static variable 'prog.write_1.if_152.write_static_1.access' unused - deleted
	static variable 'prog.read_1.case_15.read_value_1.access' unused - deleted
	static variable 'prog.write_2.if_154.write_static_2.access' unused - deleted
	static variable 'prog.read_2.case_18.read_value_2.access' unused - deleted
	static variable 'prog.read_3.case_21.read_value_3.access' unused - deleted
	static variable 'prog.read_5.case_28.read_queue_1.count' unused - deleted
	queue variable 'prog.read_5.case_28.read_queue_1.out' unused - deleted
	static variable 'prog.read_5.case_28.read_queue_1.access' unused - deleted
	static variable 'prog.read_6.case_31.read_memory_0.access' unused - deleted
	static variable 'FMOD7/uart_cpu.trailermodule_0.create_bus_interfaces_0.cpu_interface_0.uart_rx_0.perr' unused - deleted
	static variable 'FMOD7/uart_cpu.trailermodule_0.create_bus_interfaces_0.cpu_interface_0.uart_rx_0.parity' unused - deleted
	queue variable 'FMOD7/uart_cpu.trailermodule_0.create_bus_interfaces_0.if_177.forvar_91.for_77.read_value_gen_0.cpu_read_0.out' unused - deleted
	queue variable 'FMOD7/uart_cpu.trailermodule_0.create_bus_interfaces_0.if_177.forvar_91.for_80.read_value_gen_1.cpu_read_1.out' unused - deleted
	queue variable 'FMOD7/uart_cpu.trailermodule_0.create_bus_interfaces_0.if_177.forvar_91.for_82.read_value_gen_2.cpu_read_2.out' unused - deleted
	queue variable 'FMOD7/uart_cpu.trailermodule_0.create_bus_interfaces_0.if_177.forvar_91.for_84.read_value_gen_3.cpu_read_3.out' unused - deleted
	queue variable 'FMOD7/uart_cpu.trailermodule_0.create_bus_interfaces_0.if_177.forvar_91.for_85.write_queue_gen_0.if_210.cpu_read_4.out' unused - deleted
	queue variable 'FMOD7/uart_cpu.trailermodule_0.create_bus_interfaces_0.if_177.forvar_91.for_86.read_queue_gen_0.if_218.cpu_read_6.out' unused - deleted
	queue variable 'FMOD7/uart_cpu.trailermodule_0.create_bus_interfaces_0.if_177.forvar_91.for_87.read_queue_gen_1.cpu_read_7.out' unused - deleted
	queue variable 'FMOD7/uart_cpu.trailermodule_0.create_bus_interfaces_0.if_177.forvar_91.for_89.read_memory_gen_0.if_230.cpu_read_8.out' unused - deleted

Queue variables with multiple sink modules
------------------------------------------

	prog:q
		prog.3pl:21:6:  2 sinks



Clock variables driving clocked logic.
-------------------------------------

	glob:c32

Clock variables not driving clocked logic.
------------------------------------------

	FMOD1/papilio_one_500:c32_in
	simpleclock/craw
	clkdcm/psclk
	clkdcm/dclk
	clkdcm/clk90
	clkdcm/clk180
	clkdcm/clk270
	clkdcm/clk2x
	clkdcm/clk2x180
	clkdcm/clkdv
	clkdcm/clkfx
	clkdcm/clkfx180


Directives - final values.
-------------------------

	ALU              = false
	FIFO             = false
	OS               = mac os x
	QUEUEREG         = false
	arch             = x86_64
	comms_baud_rate  = 115200
	compileOnly      = false
	compilerMakeDate = 2022-11-25 11:59:13 +1100
	continuous       = false
	currentDirectory = /Users/dun202/src/mine/3PL_distr/3pl/test/11.6.0/papilio/commi
	date             = 2023-01-13 15:27:50 +1100
	designName       = prog
	family           = XC3S
	filePath         = false
	forceExec        = true
	gatesNotLuts     = false
	intTruncWarning  = false
	intermediateOnly = false
	listNets         = true
	listTDEs         = true
	listTDEsSel      = 0
	locations        = false
	netFile          = /Users/dun202/src/mine/3PL_distr/3pl/test/11.6.0/papilio/commi/prog.net
	netlistDisplay   = false
	netlistFile      = /Users/dun202/src/mine/3PL_distr/3pl/test/11.6.0/papilio/commi/prog.edn
	optimiseConnect  = true
	outputDirectory  = /Users/dun202/src/mine/3PL_distr/3pl/test/11.6.0/papilio/commi/
	parentDirectory  = /Users/dun202/src/mine/3PL_distr/3pl/test/11.6.0/papilio/commi/
	part             = xc3s500evq100-4
	postProcessTool  = ise
	reportFile       = /Users/dun202/src/mine/3PL_distr/3pl/test/11.6.0/papilio/commi/prog.rpt
	rptToFile        = true
	sigList          = false
	skipPostProc     = true
	sourceFile       = prog.3pl
	srlAddrWidth     = 4
	tlimit           = 1016
	uart_cpu         = true
	unassOut         = fatal
	version          = 11.7.0M (devel svn 10083:10182M, dun202)


Optimising intermediate code.
-----------------------------

	optimisation passes: 8
	Platform-specific optimisation pass.
	Intermediate code cleanup optimisation.
	cleanup optimisation passes: 1

	clock variables - 

		clock variable 'prog.FMOD1/papilio_one_500.simpleclock_0.in' is linked to clock variable 'prog.FMOD1/papilio_one_500.c32_in'
		clock variable 'prog.FMOD1/papilio_one_500.simpleclock_0.if_147.if_148.clkdcm_0.clkin' is linked to clock variable 'prog.FMOD1/papilio_one_500.c32_in'
		clock variable 'prog.FMOD1/papilio_one_500.simpleclock_0.if_147.if_148.clkdcm_0.clkfb' is linked to clock variable 'glob.c32'
		clock variable 'prog.FMOD1/papilio_one_500.simpleclock_0.if_147.if_148.clkdcm_0.psclk' not used
		clock variable 'prog.FMOD1/papilio_one_500.simpleclock_0.if_147.if_148.clkdcm_0.dclk' not used
		clock variable 'prog.FMOD1/papilio_one_500.simpleclock_0.if_147.if_148.clkdcm_0.clk0' is linked to clock variable 'prog.FMOD1/papilio_one_500.simpleclock_0.craw'
		clock variable 'prog.FMOD1/papilio_one_500.simpleclock_0.if_147.if_148.clkdcm_0.clk90' not used
		clock variable 'prog.FMOD1/papilio_one_500.simpleclock_0.if_147.if_148.clkdcm_0.clk180' not used
		clock variable 'prog.FMOD1/papilio_one_500.simpleclock_0.if_147.if_148.clkdcm_0.clk270' not used
		clock variable 'prog.FMOD1/papilio_one_500.simpleclock_0.if_147.if_148.clkdcm_0.clk2x' not used
		clock variable 'prog.FMOD1/papilio_one_500.simpleclock_0.if_147.if_148.clkdcm_0.clk2x180' not used
		clock variable 'prog.FMOD1/papilio_one_500.simpleclock_0.if_147.if_148.clkdcm_0.clkdv' not used
		clock variable 'prog.FMOD1/papilio_one_500.simpleclock_0.if_147.if_148.clkdcm_0.clkfx' not used
		clock variable 'prog.FMOD1/papilio_one_500.simpleclock_0.if_147.if_148.clkdcm_0.clkfx180' not used
		clock variable 'prog.FMOD1/papilio_one_500.simpleclock_0.if_147.clockbufg_0.in' is linked to clock variable 'prog.FMOD1/papilio_one_500.simpleclock_0.craw'
		clock variable 'prog.FMOD1/papilio_one_500.simpleclock_0.if_147.clockbufg_0.out' is linked to clock variable 'glob.c32'
		clock variable 'prog.FMOD1/papilio_one_500.FMOD7/uart_cpu.bus_clk' is linked to clock variable 'glob.c32'
		clock variable 'FMOD7/uart_cpu.trailermodule_0.create_bus_interfaces_0.cpu_interface_0.uart_rx_0.brc16_0.cc' is linked to clock variable 'glob.c32'
		clock variable 'FMOD7/uart_cpu.trailermodule_0.create_bus_interfaces_0.cpu_interface_0.if_174.uart_tx_0.brc16_1.cc' is linked to clock variable 'glob.c32'
		clock variable 'FMOD7/uart_cpu.trailermodule_0.create_bus_interfaces_0.if_177.forvar_91.for_77.read_value_gen_0.arg_domain' is linked to clock variable 'glob.c32'
		clock variable 'FMOD7/uart_cpu.trailermodule_0.create_bus_interfaces_0.if_177.forvar_91.for_78.write_static_gen_0.arg_domain' is linked to clock variable 'glob.c32'
		clock variable 'FMOD7/uart_cpu.trailermodule_0.create_bus_interfaces_0.if_177.forvar_91.for_79.write_static_gen_1.arg_domain' is linked to clock variable 'glob.c32'
		clock variable 'FMOD7/uart_cpu.trailermodule_0.create_bus_interfaces_0.if_177.forvar_91.for_80.read_value_gen_1.arg_domain' is linked to clock variable 'glob.c32'
		clock variable 'FMOD7/uart_cpu.trailermodule_0.create_bus_interfaces_0.if_177.forvar_91.for_81.write_static_gen_2.arg_domain' is linked to clock variable 'glob.c32'
		clock variable 'FMOD7/uart_cpu.trailermodule_0.create_bus_interfaces_0.if_177.forvar_91.for_82.read_value_gen_2.arg_domain' is linked to clock variable 'glob.c32'
		clock variable 'FMOD7/uart_cpu.trailermodule_0.create_bus_interfaces_0.if_177.forvar_91.for_83.write_static_gen_3.arg_domain' is linked to clock variable 'glob.c32'
		clock variable 'FMOD7/uart_cpu.trailermodule_0.create_bus_interfaces_0.if_177.forvar_91.for_84.read_value_gen_3.arg_domain' is linked to clock variable 'glob.c32'
		clock variable 'FMOD7/uart_cpu.trailermodule_0.create_bus_interfaces_0.if_177.forvar_91.for_88.write_memory_gen_0.arg_domain' is linked to clock variable 'glob.c32'
		clock variable 'FMOD7/uart_cpu.trailermodule_0.create_bus_interfaces_0.if_177.forvar_91.for_89.read_memory_gen_0.arg_domain' is linked to clock variable 'glob.c32'

Printing TDE list to .icl file
------------------------------

Generating EDIF code.
---------------------

	generating netlist from intermediate code
	intermediate list elements - 2471
	convert intermediate list to netlist
		converting logic
		converting static and queue variables
	Elements before optimisation - 4098
	Net IDs before optimisation - 8491
	Nets before optimisation - 4913
	checking net and element validity before optimisation
	optimising netlist gates
		optimisation passes: 5
	checking net and element validity after optimisation
	Elements after optimisation - 3789
	Net IDs after optimisation - 9500
	Nets after optimisation - 5261
	resolving net identifiers
	writing netlist to .edn file
	writing ise constraints file /Users/dun202/src/mine/3PL_distr/3pl/test/11.6.0/papilio/commi/prog.ncf
	writing list of equivalent nets

	cell occurrences -

		OBUF                1
		AND3               16
		AND4               56
		MUXCY             170
		LUT2               62
		AND2             1066
		IBUF                1
		LUT4               12
		LUT3                1
		BUFG                1
		XORCY              70
		RAM16X1D           51
		INV               438
		SRL16E             41
		FDRSE             990
		RAMB16_S36          2
		OR2               648
		DCM                 1
		OR4                60
		OR3                41
		VCC                 1
		MUXF5              13
		GND                 1
		XOR2               45
		IBUFG               1

Parse time                                  0.585s
Immediate execution time                    0.568s
Intermediate code list optimisation time    0.098s
Netlist generation time                     0.142s
Netlist optimisation time                   0.091s
Netlist output time                         0.144s
Total elapsed time                          1.628s
Memory usage: max 746061824 total 447741952 free 354129472
-s option - skipping post-processing
