Directives - initial values.
----------------------------

	ALU              = false
	FIFO             = false
	OS               = mac os x
	QUEUEREG         = false
	arch             = x86_64
	compileOnly      = false
	compilerMakeDate = 2021-08-06 15:23:59 +1000
	continuous       = false
	currentDirectory = /Users/dun202/src/mine/3PL/test/11.5.1/classtest1
	date             = 2021-10-26 14:32:18 +1100
	designName       = prog
	filePath         = false
	forceExec        = true
	gatesNotLuts     = false
	intTruncWarning  = false
	intermediateOnly = false
	listNets         = true
	listTDEs         = true
	listTDEsSel      = 0
	locations        = false
	netFile          = /Users/dun202/src/mine/3PL/test/11.5.1/classtest1/prog.net
	netlistDisplay   = false
	netlistFile      = /Users/dun202/src/mine/3PL/test/11.5.1/classtest1/prog.edn
	optimiseConnect  = true
	outputDirectory  = /Users/dun202/src/mine/3PL/test/11.5.1/classtest1/
	parentDirectory  = /Users/dun202/src/mine/3PL/test/11.5.1/classtest1/
	postProcessTool  = ise
	reportFile       = /Users/dun202/src/mine/3PL/test/11.5.1/classtest1/prog.rpt
	rptToFile        = true
	sigList          = false
	skipPostProc     = true
	sourceFile       = prog.3pl
	unassOut         = fatal
	version          = 11.5.1M (devel svn 9947M, dun202)


Memory requested 746061824 bytes
3PL version 11.5.1M (devel svn 9947M, dun202).
Source file /Users/dun202/src/mine/3PL/test/11.5.1/classtest1/prog.3pl
command line options - rntfs
2021-10-26 14:32:18 +1100

Parsing source.
---------------


    source files
    ------------

       prog.3pl
        FMOD1       dummy.3pl
            FMOD2    /Users/dun202/src/mine/3pl/sources/include/xilinx   xc3s.3pl
                SRC      /Users/dun202/src/mine/3pl/sources/include/xilinx   common.3pl
                FMOD3    /Users/dun202/src/mine/3pl/sources/include/xilinx   postprocess.3pl
                FMOD4    /Users/dun202/src/mine/3pl/sources/include   stdlib.3pl
                FMOD5    /Users/dun202/src/mine/3pl/sources/include/xilinx   clocks.3pl
                FMOD6    /Users/dun202/src/mine/3pl/sources/include/xilinx   io.3pl


Immediate execution.
--------------------


Executing leader modules.
-------------------------

	module "attributes" order 100
	-----------------------------




Executing main module.
----------------------




Executing trailer modules.
--------------------------

	module "constraints" order 100
	------------------------------




Creating target-mode variable logic.
------------------------------------


Queue variables with multiple sink modules
------------------------------------------




Clock variables driving clocked logic.
-------------------------------------


Clock variables not driving clocked logic.
------------------------------------------

	FMOD1/dummy:c32_in
	glob:c32


Directives - final values.
-------------------------

	ALU              = false
	FIFO             = false
	OS               = mac os x
	QUEUEREG         = false
	arch             = x86_64
	compileOnly      = false
	compilerMakeDate = 2021-08-06 15:23:59 +1000
	continuous       = false
	currentDirectory = /Users/dun202/src/mine/3PL/test/11.5.1/classtest1
	date             = 2021-10-26 14:32:18 +1100
	designName       = prog
	family           = XC3S
	filePath         = false
	forceExec        = true
	gatesNotLuts     = false
	intTruncWarning  = false
	intermediateOnly = false
	listNets         = true
	listTDEs         = true
	listTDEsSel      = 0
	locations        = false
	netFile          = /Users/dun202/src/mine/3PL/test/11.5.1/classtest1/prog.net
	netlistDisplay   = false
	netlistFile      = /Users/dun202/src/mine/3PL/test/11.5.1/classtest1/prog.edn
	optimiseConnect  = true
	outputDirectory  = /Users/dun202/src/mine/3PL/test/11.5.1/classtest1/
	parentDirectory  = /Users/dun202/src/mine/3PL/test/11.5.1/classtest1/
	part             = xc3s500evq100-4
	postProcessTool  = ise
	reportFile       = /Users/dun202/src/mine/3PL/test/11.5.1/classtest1/prog.rpt
	rptToFile        = true
	sigList          = false
	skipPostProc     = true
	sourceFile       = prog.3pl
	srlAddrWidth     = 4
	unassOut         = fatal
	version          = 11.5.1M (devel svn 9947M, dun202)


Optimising intermediate code.
-----------------------------

	optimisation passes: 2
	Platform-specific optimisation pass.
	Intermediate code cleanup optimisation.
	cleanup optimisation passes: 1

	clock variables - 

		clock variable 'prog.FMOD1/dummy.clockbufg_0.in' is linked to clock variable 'prog.FMOD1/dummy.c32_in'
		clock variable 'prog.FMOD1/dummy.clockbufg_0.out' is linked to clock variable 'glob.c32'

Printing TDE list to .icl file
------------------------------

Generating EDIF code.
---------------------

	generating netlist from intermediate code
	intermediate list elements - 7
	convert intermediate list to netlist
		converting logic
	Elements before optimisation - 4
	Net IDs before optimisation - 5
	Nets before optimisation - 5
	checking net and element validity before optimisation
	optimising netlist gates
		optimisation passes: 2
	checking net and element validity after optimisation
	Elements after optimisation - 4
	Net IDs after optimisation - 6
	Nets after optimisation - 5
	resolving net identifiers
	writing netlist to .edn file
	writing ise constraints file /Users/dun202/src/mine/3PL/test/11.5.1/classtest1/prog.ncf
	writing list of equivalent nets

	cell occurrences -

		VCC                 1
		BUFG                1
		GND                 1
		IBUFG               1

Parse time                                  0.511s
Immediate execution time                    0.083s
Intermediate code list optimisation time    0.004s
Netlist generation time                     0.036s
Netlist optimisation time                   0.003s
Netlist output time                         0.006s
Total elapsed time                          0.643s
Memory usage: max 746061824 total 324534272 free 312870496
-s option - skipping post-processing
